// Jest Snapshot v1, https://goo.gl/fbAQLP

exports[`MessageCard should render correctly 1`] = `
<div
  className="message-card"
>
  <div
    className="username"
  >
    Autor desconhecido
  </div>
  <p
    className="message"
  >
    Test message
  </p>
</div>
`;
